Error 1 at line 4: Invalid double literal recognised at the token '20.5'
Error 2 at line 4: syntax error recognised at the token ';'
Error 3 at line 9: Invalid double literal recognised at the token '25.5'
Error 4 at line 9: syntax error recognised at the token ';'
Error 5 at line 9: Type mismatch recognised at the token ';'
Error 6 at line 13: Invalid print statement recognised at the token 'out.print(x);'
Error 7 at line 14: Invalid print statement recognised at the token 'out.print(y);'
Error 8 at line 15: Invalid print statement recognised at the token 'out.print(z);'
Error 9 at line 16: Invalid print statement recognised at the token 'out.print(flag);'
Error 10 at line 17: Invalid print statement recognised at the token 'out.print(str);'
